<!DOCTYPE html PUBLIC "-//W3C//DTD HTML 4.01//EN" "http://www.w3.org/TR/html4/strict.dtd">
<html xmlns:set="http://exslt.org/sets">
<head>
<meta http-equiv="Content-Type" content="text/html; charset=UTF-8">
<link rel="stylesheet" type="text/css" href="./style.css">
<title>Scan Report</title>
</head>
<body style="background-color: #FFFFFF; margin: 0px; font: small Verdana, sans-serif; font-size: 12px; color: #1A1A1A;"><div style="width: 98%; width:700px; align: center; margin-left: auto; margin-right: auto;"><table style="width: 100%;" cellpadding="3" cellspacing="0"><tr><td valign="top">
<h1>Summary</h1>
<p>
      This document reports on the results of an automatic security scan.
      The report first summarises the results found.  Then, for each host,
      the report describes every issue found.  Please consider the
      advice given in each description, in order to rectify the issue.
    </p>
<table>
<tr>
<td>Scan started:</td>
<td>Thu Aug  5 07:52:45 2010</td>
</tr>
<tr>
<td>Scan ended:</td>
<td>Thu Aug  5 07:56:59 2010</td>
</tr>
</table>
<h2>Host Summary</h2>
<table>
<tr style="background-color: #d5d5d5;">
<td>Host</td>
<td>High</td>
<td>Medium</td>
<td>Low</td>
<td>Log</td>
<td>False Positive</td>
</tr>
<tr>
<td><a href="#1.1.1.1">1.1.1.1</a></td>
<td>1</td>
<td>2</td>
<td>20</td>
<td>8</td>
<td>0</td>
</tr>
<tr>
<td>Total: 1</td>
<td>1</td>
<td>2</td>
<td>20</td>
<td>8</td>
<td>0</td>
</tr>
</table>
<h1>Results per Host</h1>
<h2 id="1.1.1.1">Host 1.1.1.1</h2>
<table>
<tr>
<td>Scanning of this host started at:</td>
<td>Thu Aug  5 07:52:46 2010</td>
</tr>
<tr>
<td>Number of results:</td>
<td>31</td>
</tr>
</table>
<h3>Port Summary for Host 1.1.1.1</h3>
<table>
<tr style="background-color: #d5d5d5;">
<td>Service (Port)</td>
<td>Threat Level</td>
</tr>
<tr>
<td>microsoft-ds (445/tcp)</td>
<td>High</td>
</tr>
<tr>
<td>netbios-ns (137/udp)</td>
<td>Medium</td>
</tr>
<tr>
<td>vnc-http (5800/tcp)</td>
<td>Medium</td>
</tr>
<tr>
<td>general/tcp</td>
<td>Low</td>
</tr>
<tr>
<td>netbios-ssn (139/tcp)</td>
<td>Low</td>
</tr>
<tr>
<td>ntp (123/udp)</td>
<td>Low</td>
</tr>
<tr>
<td>ssh (22/tcp)</td>
<td>Low</td>
</tr>
<tr>
<td>vnc (5900/tcp)</td>
<td>Low</td>
</tr>
<tr>
<td>epmap (135/tcp)</td>
<td>Log</td>
</tr>
<tr>
<td>general/CPE</td>
<td>Log</td>
</tr>
</table>
<h3>Security Issues for Host 1.1.1.1</h3>
<div style="background:#cb1d17; padding:4px; margin:3px; margin-bottom:0px; color: #FFFFFF; border: 1px solid #CCCCCC; border-bottom: 0px;">
<div style="float:right; text-align:right">microsoft-ds (445/tcp)</div>
<b>High</b>
             (CVSS: 7.1)
          <div style="width: 100%">
        NVT:
        Vulnerabilities in SMB Could Allow Remote Code Execution (958687) - Remote
        (OID: 1.3.6.1.4.1.25623.1.0.900233)
      </div>
</div>
<div style="padding:4px; margin:3px; margin-bottom:0px; margin-top:0px; border: 1px solid #CCCCCC; border-top: 0px;"><pre>

  Overview: This host has critical security update missing according to
  Microsoft Bulletin MS09-001.

  Vulnerability Insight:
  The issue is due to the way Server Message Block (SMB) Protocol software
  handles specially crafted SMB packets.

  Impact: Successful exploitation could allow remote unauthenticated attackers
  to cause denying the service by sending a specially crafted network message
  to a system running the server service.

  Impact Level: System/Network

  Affected Software/OS:
  Microsoft Windows 2K Service Pack 4 and prior.
  Microsoft Windows XP Service Pack 3 and prior.
  Microsoft Windows 2003 Service Pack 2 and prior.

  Fix: Run Windows Update and update the listed hotfixes or download and
  update mentioned hotfixes in the advisory from the below link,
  http://www.microsoft.com/technet/security/bulletin/ms09-001.mspx

  References:
  http://www.milw0rm.com/exploits/6463
  http://www.microsoft.com/technet/security/bulletin/ms09-001.mspx

  CVSS Score:
    CVSS Base Score     : 7.1 (AV:N/AC:M/Au:NR/C:N/I:N/A:C)
    CVSS Temporal Score : 5.6
  Risk factor : High
CVE : CVE-2008-4114, CVE-2008-4834, CVE-2008-4835
BID : 31179
</pre></div>
<div style="background:#f99f31; padding:4px; margin:3px; margin-bottom:0px; color: #FFFFFF; border: 1px solid #CCCCCC; border-bottom: 0px;">
<div style="float:right; text-align:right">netbios-ns (137/udp)</div>
<b>Medium</b><div style="width: 100%">
        NVT:
        Using NetBIOS to retrieve information from a Windows host
        (OID: 1.3.6.1.4.1.25623.1.0.10150)
      </div>
</div>
<div style="padding:4px; margin:3px; margin-bottom:0px; margin-top:0px; border: 1px solid #CCCCCC; border-top: 0px;"><pre>The following 4 NetBIOS names have been gathered :
 POLYNOE         = This is the computer name registered for workstation services by a WINS↵
 client.
 INTEVATION      = Workgroup / Domain name
 POLYNOE         = Computer name
 INTEVATION      = Workgroup / Domain name (part of the Browser elections)
The remote host has the following MAC address on its adapter :
   00:11:2f:0e:75:11

If you do not want to allow everyone to find the NetBios name
of your computer, you should filter incoming traffic to this port.

Risk factor : Medium
CVE : CAN-1999-0621
</pre></div>
<div style="background:#f99f31; padding:4px; margin:3px; margin-bottom:0px; color: #FFFFFF; border: 1px solid #CCCCCC; border-bottom: 0px;">
<div style="float:right; text-align:right">vnc-http (5800/tcp)</div>
<b>Medium</b><div style="width: 100%">
        NVT:
        Check for VNC HTTP
        (OID: 1.3.6.1.4.1.25623.1.0.10758)
      </div>
</div>
<div style="padding:4px; margin:3px; margin-bottom:0px; margin-top:0px; border: 1px solid #CCCCCC; border-top: 0px;"><pre>
The remote server is running VNC.
VNC permits a console to be displayed remotely.

Solution: Disable VNC access from the network by 
using a firewall, or stop VNC service if not needed.

Risk factor : Medium
</pre></div>
<div style="background:#539dcb; padding:4px; margin:3px; margin-bottom:0px; color: #FFFFFF; border: 1px solid #CCCCCC; border-bottom: 0px;">
<div style="float:right; text-align:right">general/tcp</div>
<b>Low</b><div style="width: 100%">
        NVT:
        OS fingerprinting
        (OID: 1.3.6.1.4.1.25623.1.0.102002)
      </div>
</div>
<div style="padding:4px; margin:3px; margin-bottom:0px; margin-top:0px; border: 1px solid #CCCCCC; border-top: 0px;"><pre>ICMP based OS fingerprint results: 

Microsoft Windows 2003 Server Enterprise Edition (accuracy 100%)
Microsoft Windows 2003 Server Standard Edition (accuracy 100%)
Microsoft Windows XP SP2 (accuracy 100%)


</pre></div>
<div style="background:#539dcb; padding:4px; margin:3px; margin-bottom:0px; color: #FFFFFF; border: 1px solid #CCCCCC; border-bottom: 0px;">
<div style="float:right; text-align:right">general/tcp</div>
<b>Low</b><div style="width: 100%">
        NVT:
        Determine OS and list of installed packages via SSH login
        (OID: 1.3.6.1.4.1.25623.1.0.50282)
      </div>
</div>
<div style="padding:4px; margin:3px; margin-bottom:0px; margin-top:0px; border: 1px solid #CCCCCC; border-top: 0px;"><pre>System identifier unknown: "bash: uname: command not found
"
Therefore no local security checks applied (missing list of installed packages) though ssh↵
 login provided and works
</pre></div>
<div style="background:#539dcb; padding:4px; margin:3px; margin-bottom:0px; color: #FFFFFF; border: 1px solid #CCCCCC; border-bottom: 0px;">
<div style="float:right; text-align:right">general/tcp</div>
<b>Low</b><div style="width: 100%">
        NVT:
        Checks for open tcp ports
        (OID: 1.3.6.1.4.1.25623.1.0.900239)
      </div>
</div>
<div style="padding:4px; margin:3px; margin-bottom:0px; margin-top:0px; border: 1px solid #CCCCCC; border-top: 0px;"><pre>Open TCP ports are 445, 5900, 22, 135, 5800, 139
</pre></div>
<div style="background:#539dcb; padding:4px; margin:3px; margin-bottom:0px; color: #FFFFFF; border: 1px solid #CCCCCC; border-bottom: 0px;">
<div style="float:right; text-align:right">general/tcp</div>
<b>Low</b><div style="width: 100%">
        NVT:
        SLAD Fetch Results
        (OID: 1.3.6.1.4.1.25623.1.0.90003)
      </div>
</div>
<div style="padding:4px; margin:3px; margin-bottom:0px; margin-top:0px; border: 1px solid #CCCCCC; border-top: 0px;"><pre>Slad_Fetch has no Result polled.
</pre></div>
<div style="background:#539dcb; padding:4px; margin:3px; margin-bottom:0px; color: #FFFFFF; border: 1px solid #CCCCCC; border-bottom: 0px;">
<div style="float:right; text-align:right">general/tcp</div>
<b>Low</b><div style="width: 100%">
        NVT:
        SLAD Run
        (OID: 1.3.6.1.4.1.25623.1.0.90002)
      </div>
</div>
<div style="padding:4px; margin:3px; margin-bottom:0px; margin-top:0px; border: 1px solid #CCCCCC; border-top: 0px;"><pre>ChkRootKit: The Plugin was not present on target system, but selected to execute.
ClamAV: The Plugin was not present on target system, but selected to execute.
Hardware MB sensors: The Plugin was not present on target system, but selected to execute.↵

Hardware MB sensors: The Plugin was not present on target system, but selected to execute.↵

LSOF: The Plugin was not present on target system, but selected to execute.
MBSA: The Plugin was not present on target system, but selected to execute.
Netstat: The Plugin was not present on target system, but selected to execute.
Ovaldi: The Plugin was not present on target system, but selected to execute.
Tiger: The Plugin was not present on target system, but selected to execute.
Tripwire HIDS: The Plugin was not present on target system, but selected to execute.
SFC: The Plugin was not present on target system, but selected to execute.
Snmptrapd: The Plugin was not present on target system, but selected to execute.
Snort: The Plugin was not present on target system, but selected to execute.
ssh vulnkey: The Plugin was not present on target system, but selected to execute.
SyslogWatch: The Plugin was not present on target system, but selected to execute.

</pre></div>
<div style="background:#539dcb; padding:4px; margin:3px; margin-bottom:0px; color: #FFFFFF; border: 1px solid #CCCCCC; border-bottom: 0px;">
<div style="float:right; text-align:right">general/tcp</div>
<b>Low</b><div style="width: 100%">
        NVT:
        TCP timestamps
        (OID: 1.3.6.1.4.1.25623.1.0.80091)
      </div>
</div>
<div style="padding:4px; margin:3px; margin-bottom:0px; margin-top:0px; border: 1px solid #CCCCCC; border-top: 0px;"><pre>
Synopsis :

The remote service implements TCP timestamps.

Description :

The remote host implements TCP timestamps, as defined by RFC1323.
A side effect of this feature is that the uptime of the remote 
host can sometimes be computed.

See also :

http://www.ietf.org/rfc/rfc1323.txt

Risk factor : 

None
</pre></div>
<div style="background:#539dcb; padding:4px; margin:3px; margin-bottom:0px; color: #FFFFFF; border: 1px solid #CCCCCC; border-bottom: 0px;">
<div style="float:right; text-align:right">general/tcp</div>
<b>Low</b><div style="width: 100%">
        NVT:
        Traceroute
        (OID: 1.3.6.1.4.1.25623.1.0.51662)
      </div>
</div>
<div style="padding:4px; margin:3px; margin-bottom:0px; margin-top:0px; border: 1px solid #CCCCCC; border-top: 0px;"><pre>Here is the route from 192.168.11.233 to 1.1.1.1

192.168.11.233
1.1.1.1

</pre></div>
<div style="background:#539dcb; padding:4px; margin:3px; margin-bottom:0px; color: #FFFFFF; border: 1px solid #CCCCCC; border-bottom: 0px;">
<div style="float:right; text-align:right">microsoft-ds (445/tcp)</div>
<b>Low</b><div style="width: 100%">
        NVT:
        SMB on port 445
        (OID: 1.3.6.1.4.1.25623.1.0.11011)
      </div>
</div>
<div style="padding:4px; margin:3px; margin-bottom:0px; margin-top:0px; border: 1px solid #CCCCCC; border-top: 0px;"><pre>A CIFS server is running on this port
</pre></div>
<div style="background:#539dcb; padding:4px; margin:3px; margin-bottom:0px; color: #FFFFFF; border: 1px solid #CCCCCC; border-bottom: 0px;">
<div style="float:right; text-align:right">microsoft-ds (445/tcp)</div>
<b>Low</b><div style="width: 100%">
        NVT:
        SMB log in
        (OID: 1.3.6.1.4.1.25623.1.0.10394)
      </div>
</div>
<div style="padding:4px; margin:3px; margin-bottom:0px; margin-top:0px; border: 1px solid #CCCCCC; border-top: 0px;"><pre>It was not possible to log into the remote host using user defined
login/password combinations :

</pre></div>
<div style="background:#539dcb; padding:4px; margin:3px; margin-bottom:0px; color: #FFFFFF; border: 1px solid #CCCCCC; border-bottom: 0px;">
<div style="float:right; text-align:right">microsoft-ds (445/tcp)</div>
<b>Low</b><div style="width: 100%">
        NVT:
        SMB NativeLanMan
        (OID: 1.3.6.1.4.1.25623.1.0.102011)
      </div>
</div>
<div style="padding:4px; margin:3px; margin-bottom:0px; margin-top:0px; border: 1px solid #CCCCCC; border-top: 0px;"><pre>
Overview:
It is possible to extract OS, domain and SMB server information
from the Session Setup AndX Response packet which is generated
during NTLM authentication.
Detected SMB workgroup: INTEVATION
Detected SMB server: Windows 2000 LAN Manager
Detected OS: Windows 5.1

</pre></div>
<div style="background:#539dcb; padding:4px; margin:3px; margin-bottom:0px; color: #FFFFFF; border: 1px solid #CCCCCC; border-bottom: 0px;">
<div style="float:right; text-align:right">netbios-ssn (139/tcp)</div>
<b>Low</b><div style="width: 100%">
        NVT:
        SMB on port 445
        (OID: 1.3.6.1.4.1.25623.1.0.11011)
      </div>
</div>
<div style="padding:4px; margin:3px; margin-bottom:0px; margin-top:0px; border: 1px solid #CCCCCC; border-top: 0px;"><pre>An SMB server is running on this port
</pre></div>
<div style="background:#539dcb; padding:4px; margin:3px; margin-bottom:0px; color: #FFFFFF; border: 1px solid #CCCCCC; border-bottom: 0px;">
<div style="float:right; text-align:right">ntp (123/udp)</div>
<b>Low</b><div style="width: 100%">
        NVT:
        NTP read variables
        (OID: 1.3.6.1.4.1.25623.1.0.10884)
      </div>
</div>
<div style="padding:4px; margin:3px; margin-bottom:0px; margin-top:0px; border: 1px solid #CCCCCC; border-top: 0px;"><pre>
  A NTP (Network Time Protocol) server is listening on this port.

  Risk factor : Low
</pre></div>
<div style="background:#539dcb; padding:4px; margin:3px; margin-bottom:0px; color: #FFFFFF; border: 1px solid #CCCCCC; border-bottom: 0px;">
<div style="float:right; text-align:right">ssh (22/tcp)</div>
<b>Low</b><div style="width: 100%">
        NVT:
        Services
        (OID: 1.3.6.1.4.1.25623.1.0.10330)
      </div>
</div>
<div style="padding:4px; margin:3px; margin-bottom:0px; margin-top:0px; border: 1px solid #CCCCCC; border-top: 0px;"><pre>An ssh server is running on this port
</pre></div>
<div style="background:#539dcb; padding:4px; margin:3px; margin-bottom:0px; color: #FFFFFF; border: 1px solid #CCCCCC; border-bottom: 0px;">
<div style="float:right; text-align:right">ssh (22/tcp)</div>
<b>Low</b><div style="width: 100%">
        NVT:
        SSH Authorization
        (OID: 1.3.6.1.4.1.25623.1.0.90022)
      </div>
</div>
<div style="padding:4px; margin:3px; margin-bottom:0px; margin-top:0px; border: 1px solid #CCCCCC; border-top: 0px;"><pre>It was possible to login using the SSH credentials supplied.
Hence local security check are enabled.
</pre></div>
<div style="background:#539dcb; padding:4px; margin:3px; margin-bottom:0px; color: #FFFFFF; border: 1px solid #CCCCCC; border-bottom: 0px;">
<div style="float:right; text-align:right">ssh (22/tcp)</div>
<b>Low</b><div style="width: 100%">
        NVT:
        SSH Server type and version
        (OID: 1.3.6.1.4.1.25623.1.0.10267)
      </div>
</div>
<div style="padding:4px; margin:3px; margin-bottom:0px; margin-top:0px; border: 1px solid #CCCCCC; border-top: 0px;"><pre>Remote SSH version : SSH-2.0-OpenSSH_5.4

Remote SSH supported authentication : publickey,password,keyboard-interactive


</pre></div>
<div style="background:#539dcb; padding:4px; margin:3px; margin-bottom:0px; color: #FFFFFF; border: 1px solid #CCCCCC; border-bottom: 0px;">
<div style="float:right; text-align:right">ssh (22/tcp)</div>
<b>Low</b><div style="width: 100%">
        NVT:
        SSH Protocol Versions Supported
        (OID: 1.3.6.1.4.1.25623.1.0.100259)
      </div>
</div>
<div style="padding:4px; margin:3px; margin-bottom:0px; margin-top:0px; border: 1px solid #CCCCCC; border-top: 0px;"><pre>

Overview:
The remote SSH Server supports the following SSH Protocol Versions:

1.99
2.0

SSHv2 Fingerprint: 59:10:f9:5c:e6:dd:3f:21:2b:b2:c8:68:03:f5:1e:55


Risk factor : None

</pre></div>
<div style="background:#539dcb; padding:4px; margin:3px; margin-bottom:0px; color: #FFFFFF; border: 1px solid #CCCCCC; border-bottom: 0px;">
<div style="float:right; text-align:right">vnc (5900/tcp)</div>
<b>Low</b><div style="width: 100%">
        NVT:
        Check for VNC
        (OID: 1.3.6.1.4.1.25623.1.0.10342)
      </div>
</div>
<div style="padding:4px; margin:3px; margin-bottom:0px; margin-top:0px; border: 1px solid #CCCCCC; border-top: 0px;"><pre>
Synopsis :

The remote host is running a remote display software (VNC)

Description :

The remote server is running VNC, a software which ermits a 
console to be displayed remotely.

This allows authenticated users of the remote host to take its 
control remotely.

Solution : 

Make sure the use of this software is done in accordance with your
corporate security policy, filter incoming traffic to this port.

Risk factor : 

None

Plugin output :
The version of the VNC protocol is : RFB 003.003

</pre></div>
<div style="background:#539dcb; padding:4px; margin:3px; margin-bottom:0px; color: #FFFFFF; border: 1px solid #CCCCCC; border-bottom: 0px;">
<div style="float:right; text-align:right">vnc (5900/tcp)</div>
<b>Low</b><div style="width: 100%">
        NVT:
        VNC security types
        (OID: 1.3.6.1.4.1.25623.1.0.19288)
      </div>
</div>
<div style="padding:4px; margin:3px; margin-bottom:0px; margin-top:0px; border: 1px solid #CCCCCC; border-top: 0px;"><pre>The remote VNC server chose security type #2 (VNC authentication)
</pre></div>
<div style="background:#539dcb; padding:4px; margin:3px; margin-bottom:0px; color: #FFFFFF; border: 1px solid #CCCCCC; border-bottom: 0px;">
<div style="float:right; text-align:right">vnc-http (5800/tcp)</div>
<b>Low</b><div style="width: 100%">
        NVT:
        Services
        (OID: 1.3.6.1.4.1.25623.1.0.10330)
      </div>
</div>
<div style="padding:4px; margin:3px; margin-bottom:0px; margin-top:0px; border: 1px solid #CCCCCC; border-top: 0px;"><pre>A web server is running on this port
</pre></div>
<div style="background:#539dcb; padding:4px; margin:3px; margin-bottom:0px; color: #FFFFFF; border: 1px solid #CCCCCC; border-bottom: 0px;">
<div style="float:right; text-align:right">vnc-http (5800/tcp)</div>
<b>Low</b><div style="width: 100%">
        NVT:
        w3af (NASL wrapper)
        (OID: 1.3.6.1.4.1.25623.1.0.80109)
      </div>
</div>
<div style="padding:4px; margin:3px; margin-bottom:0px; margin-top:0px; border: 1px solid #CCCCCC; border-top: 0px;"><pre>Here is the w3af report:
[ Thu Aug  5 07:55:11 2010 - information ] Auto-enabling plugin: grep.error500
[ Thu Aug  5 07:55:11 2010 - Enabled plugins ] plugins
[ Thu Aug  5 07:55:11 2010 - Enabled plugins ]     audit sqli, xss
[ Thu Aug  5 07:55:11 2010 - Enabled plugins ]     audit config sqli
[ Thu Aug  5 07:55:11 2010 - Enabled plugins ]         back
[ Thu Aug  5 07:55:11 2010 - Enabled plugins ]     audit config xss
[ Thu Aug  5 07:55:11 2010 - Enabled plugins ]         set checkStored True
[ Thu Aug  5 07:55:11 2010 - Enabled plugins ]         set numberOfChecks 3
[ Thu Aug  5 07:55:11 2010 - Enabled plugins ]         back
[ Thu Aug  5 07:55:11 2010 - Enabled plugins ]     back
[ Thu Aug  5 07:55:11 2010 - Enabled plugins ] plugins
[ Thu Aug  5 07:55:11 2010 - Enabled plugins ]     grep error500
[ Thu Aug  5 07:55:11 2010 - Enabled plugins ]     back
[ Thu Aug  5 07:55:11 2010 - Enabled plugins ] plugins
[ Thu Aug  5 07:55:11 2010 - Enabled plugins ]     output textFile, console, gtkOutput
[ Thu Aug  5 07:55:11 2010 - Enabled plugins ]     output config textFile
[ Thu Aug  5 07:55:11 2010 - Enabled plugins ]         set verbose False
[ Thu Aug  5 07:55:11 2010 - Enabled plugins ]         set fileName /tmp/openvas-w3af-1.1.↵
1.1-5800.rep
[ Thu Aug  5 07:55:11 2010 - Enabled plugins ]         set httpFileName /tmp/openvas-w3af-↵
1.1.1.1-5800.http
[ Thu Aug  5 07:55:11 2010 - Enabled plugins ]         set showCaller False
[ Thu Aug  5 07:55:11 2010 - Enabled plugins ]         back
[ Thu Aug  5 07:55:11 2010 - Enabled plugins ]     output config console
[ Thu Aug  5 07:55:11 2010 - Enabled plugins ]         set verbose False
[ Thu Aug  5 07:55:11 2010 - Enabled plugins ]         back
[ Thu Aug  5 07:55:11 2010 - Enabled plugins ]     output config gtkOutput
[ Thu Aug  5 07:55:11 2010 - Enabled plugins ]         back
[ Thu Aug  5 07:55:11 2010 - Enabled plugins ]     back
[ Thu Aug  5 07:55:11 2010 - Enabled plugins ] plugins
[ Thu Aug  5 07:55:11 2010 - Enabled plugins ]     discovery yahooSiteExplorer
[ Thu Aug  5 07:55:11 2010 - Enabled plugins ]     discovery config yahooSiteExplorer
[ Thu Aug  5 07:55:11 2010 - Enabled plugins ]         set resultLimit 300
[ Thu Aug  5 07:55:11 2010 - Enabled plugins ]         back
[ Thu Aug  5 07:55:11 2010 - Enabled plugins ]     back
[ Thu Aug  5 07:55:11 2010 - Enabled plugins ] target
[ Thu Aug  5 07:55:11 2010 - Enabled plugins ]     set target http://1.1.1.1:5800
[ Thu Aug  5 07:55:11 2010 - Enabled plugins ]     back
[ Thu Aug  5 07:55:11 2010 - error ] There is no point in searching yahoo site explorer fo↵
r site: "1.1.1.1" . Yahoo doesnt index private pages.
[ Thu Aug  5 07:55:11 2010 - information ] Found 1 URLs and 1 different points of injectio↵
n.
[ Thu Aug  5 07:55:11 2010 - information ] The list of URLs is:
[ Thu Aug  5 07:55:11 2010 - information ] - http://1.1.1.1:5800
[ Thu Aug  5 07:55:11 2010 - information ] The list of fuzzable requests is:
[ Thu Aug  5 07:55:11 2010 - information ] - http://1.1.1.1:5800 | Method: GET
[ Thu Aug  5 07:55:11 2010 - information ] Finished scanning process.
[ Thu Aug  5 07:55:12 2010 - console ] termios error: (25, 'Inappropriate ioctl for device↵
')
[ Thu Aug  5 07:55:12 2010 - console ] 
[ Thu Aug  5 07:55:12 2010 - console ] termios error: (25, 'Inappropriate ioctl for device↵
')
[ Thu Aug  5 07:55:12 2010 - console ] 
Bye.


</pre></div>
<div style="background:#d5d5d5; padding:4px; margin:3px; margin-bottom:0px; color: #FFFFFF; border: 1px solid #CCCCCC; border-bottom: 0px;">
<div style="float:right; text-align:right">epmap (135/tcp)</div>
<b>Log</b><div style="width: 100%">
        NVT:
        
        (OID: 0)
      </div>
</div>
<div style="padding:4px; margin:3px; margin-bottom:0px; margin-top:0px; border: 1px solid #CCCCCC; border-top: 0px;"><pre>Open port.</pre></div>
<div style="background:#d5d5d5; padding:4px; margin:3px; margin-bottom:0px; color: #FFFFFF; border: 1px solid #CCCCCC; border-bottom: 0px;">
<div style="float:right; text-align:right">general/CPE</div>
<b>Log</b><div style="width: 100%">
        NVT:
        CPE Inventory
        (OID: 1.3.6.1.4.1.25623.1.0.810002)
      </div>
</div>
<div style="padding:4px; margin:3px; margin-bottom:0px; margin-top:0px; border: 1px solid #CCCCCC; border-top: 0px;"><pre>No CPE identities could be determined.
</pre></div>
<div style="background:#d5d5d5; padding:4px; margin:3px; margin-bottom:0px; color: #FFFFFF; border: 1px solid #CCCCCC; border-bottom: 0px;">
<div style="float:right; text-align:right">general/tcp</div>
<b>Log</b><div style="width: 100%">
        NVT:
        Information about the scan
        (OID: 1.3.6.1.4.1.25623.1.0.19506)
      </div>
</div>
<div style="padding:4px; margin:3px; margin-bottom:0px; margin-top:0px; border: 1px solid #CCCCCC; border-top: 0px;"><pre>Information about this scan : 

OpenVAS version : 3.1.0.rc1.
Plugin feed version : 201008041240
Type of plugin feed : Greenbone Security Feed
Scanner IP : 192.168.11.233
Port scanner(s) : nmap 
Port range : default
Thorough tests : no
Experimental tests : no
Paranoia level : 1
Report Verbosity : 1
Safe checks : yes
Max hosts : 20
Max checks : 4
Scan Start Date : 2010/8/5 7:52
Scan duration : 253 sec

</pre></div>
<div style="background:#d5d5d5; padding:4px; margin:3px; margin-bottom:0px; color: #FFFFFF; border: 1px solid #CCCCCC; border-bottom: 0px;">
<div style="float:right; text-align:right">microsoft-ds (445/tcp)</div>
<b>Log</b><div style="width: 100%">
        NVT:
        
        (OID: 0)
      </div>
</div>
<div style="padding:4px; margin:3px; margin-bottom:0px; margin-top:0px; border: 1px solid #CCCCCC; border-top: 0px;"><pre>Open port.</pre></div>
<div style="background:#d5d5d5; padding:4px; margin:3px; margin-bottom:0px; color: #FFFFFF; border: 1px solid #CCCCCC; border-bottom: 0px;">
<div style="float:right; text-align:right">netbios-ssn (139/tcp)</div>
<b>Log</b><div style="width: 100%">
        NVT:
        
        (OID: 0)
      </div>
</div>
<div style="padding:4px; margin:3px; margin-bottom:0px; margin-top:0px; border: 1px solid #CCCCCC; border-top: 0px;"><pre>Open port.</pre></div>
<div style="background:#d5d5d5; padding:4px; margin:3px; margin-bottom:0px; color: #FFFFFF; border: 1px solid #CCCCCC; border-bottom: 0px;">
<div style="float:right; text-align:right">ssh (22/tcp)</div>
<b>Log</b><div style="width: 100%">
        NVT:
        
        (OID: 0)
      </div>
</div>
<div style="padding:4px; margin:3px; margin-bottom:0px; margin-top:0px; border: 1px solid #CCCCCC; border-top: 0px;"><pre>Open port.</pre></div>
<div style="background:#d5d5d5; padding:4px; margin:3px; margin-bottom:0px; color: #FFFFFF; border: 1px solid #CCCCCC; border-bottom: 0px;">
<div style="float:right; text-align:right">vnc (5900/tcp)</div>
<b>Log</b><div style="width: 100%">
        NVT:
        
        (OID: 0)
      </div>
</div>
<div style="padding:4px; margin:3px; margin-bottom:0px; margin-top:0px; border: 1px solid #CCCCCC; border-top: 0px;"><pre>Open port.</pre></div>
<div style="background:#d5d5d5; padding:4px; margin:3px; margin-bottom:0px; color: #FFFFFF; border: 1px solid #CCCCCC; border-bottom: 0px;">
<div style="float:right; text-align:right">vnc-http (5800/tcp)</div>
<b>Log</b><div style="width: 100%">
        NVT:
        
        (OID: 0)
      </div>
</div>
<div style="padding:4px; margin:3px; margin-bottom:0px; margin-top:0px; border: 1px solid #CCCCCC; border-top: 0px;"><pre>Open port.</pre></div>
<div style="text-align: center;">
                  This file was automatically generated.
                </div>
</td></tr></table></div></body>
</html>
